<div data-v-48f69525="" class="contact-card">
  <div data-v-48f69525="" class="contact-card__detail">
    <div data-v-c8a835f9="" data-v-48f69525="" style="background-image: url(" https://mighty.tools/mockmind-api/content/human/65.jpg");" class="avatar"></div>
    <div data-v-48f69525="" class="contact-card__info">
      <div data-v-48f69525="" class="contact-card__info__name">Dave <span data-v-48f69525="" class="contact-card__info__role">Software Engineer</span></div>
      <div data-v-48f69525="" class="contact-card__info__phone"> +31 645046370</div>
    </div>
  </div>
  <div data-v-48f69525="" class="contact-card__teams"></div>
  <div data-v-48f69525="" class="contact-card__action"><button data-v-03748e32="" data-v-48f69525="" class="icon-btn icon-btn-transparent" tabindex="0"><span data-v-03748e32="" class="material-symbols-outlined icon">delete</span>
      <!--v-if-->
    </button></div>
</div>