<div data-v-7b7e1eee="" class="team-card">
  <div data-v-7b7e1eee="" class="team-card__detail">
    <div data-v-c8a835f9="" data-v-7b7e1eee="" style="background-color: #FFF;" class="avatar">TS</div><a data-v-7b7e1eee="" href="#" title="test" arial-label="test" class="team-card__title">test</a>
  </div>
  <div data-v-7b7e1eee="" class="team-card__action"><button data-v-03748e32="" data-v-7b7e1eee="" class="icon-btn icon-btn-transparent" tabindex="0"><span data-v-03748e32="" class="material-symbols-outlined icon">edit</span>
      <!--v-if-->
    </button></div>
</div>